10
100
1000
-10000
100002
1000002
-99998
-9990
1100
-9
